To honour the JVM settings for this build a single-use Daemon process will be forked. See https://docs.gradle.WARNING: We recommend using a newer Android Gradle plugin to use compileSdk = 34

This Android Gradle plugin (8.1.0) was tested up to compileSdk = 33 (and compileSdkPreview = "UpsideDownCakePrivacySandbox").

You are strongly encouraged to update your project to use a newer
Android Gradle plugin that has been tested with compileSdk = 34.

If you are already using the latest version of the Android Gradle plugin,
you may need to wait until a newer version with support for compileSdk = 34 is available.

To suppress this warning, add/update
    android.suppressUnsupportedCompileSdk=34
to this project's gradle.properties.
> Task :app:buildKotlinToolingMetadata
> Task :app:preBuild UP-TO-DATE
> Task :app:preReleaseBuild UP-TO-DATE
> Task :app:checkReleaseAarMetadata
> Task :app:generateReleaseResValues
> Task :app:mapReleaseSourceSetPaths
> Task :app:generateReleaseResources
> Task :app:mergeReleaseResources
> Task :app:packageReleaseResources
> Task :app:createReleaseCompatibleScreenManifests
> Task :app:extractDeepLinksRelease
> Task :app:parseReleaseLocalResources
> Task :app:processReleaseMainManifest
> Task :app:mergeReleaseResources FAILED

> Task :app:processReleaseMainManifest
package="com.performancesupply.reggiestarr" found in source AndroidManifest.xml: /root/.openclaw/workspace/aocros/projects/ReggieStarr/android/app/src/main/AndroidManifest.xml.
Setting the namespace via the package attribute in the source AndroidManifest.xml is no longer supported, and the value is ignored.
Recommendation: remove package="com.performancesupply.reggiestarr" from the source AndroidManifest.xml: /root/.openclaw/workspace/aocros/projects/ReggieStarr/android/app/src/main/AndroidManifest.xml.

FAILURE: Build failed with an exception.

* What went wrong:
Execution failed for task ':app:mergeReleaseResources'.
> Multiple task action failures occurred:
   > A failure occurred while executing com.android.build.gradle.internal.res.Aapt2CompileRunnable
      > Android resource compilation failed
        ERROR: /root/.openclaw/workspace/aocros/projects/ReggieStarr/android/app/src/main/res/mipmap-mdpi/ic_launcher.png: AAPT: error: file failed to compile.
            
   > A failure occurred while executing com.android.build.gradle.internal.res.Aapt2CompileRunnable
      > Android resource compilation failed
        ERROR: /root/.openclaw/workspace/aocros/projects/ReggieStarr/android/app/src/main/res/mipmap-xxhdpi/ic_launcher.png: AAPT: error: file failed to compile.
            
   > A failure occurred while executing com.android.build.gradle.internal.res.Aapt2CompileRunnable
      > Android resource compilation failed
        ERROR: /root/.openclaw/workspace/aocros/projects/ReggieStarr/android/app/src/main/res/mipmap-mdpi/ic_launcher_round.png: AAPT: error: file failed to compile.
            

* Try:
> Run with --stacktrace option to get the stack trace.
> Run with --info or --debug option to get more log output.
> Run with --scan to get full insights.

* Get more help at https://help.gradle.org

BUILD FAILED in 22m 4s
10 actionable tasks: 10 executed
